---
source: src/main.rs
expression: run_test(s).unwrap()
---
db > Executed: "insert 1 user1 person1@example.com"
db > Executed: "insert 2 user2 person2@example.com"
db > Executed: "insert 3 user3 person3@example.com"
db > Executed: "insert 4 user4 person4@example.com"
db > Executed: "insert 5 user5 person5@example.com"
db > Executed: "insert 6 user6 person6@example.com"
db > Executed: "insert 7 user7 person7@example.com"
db > Executed: "insert 8 user8 person8@example.com"
db > Executed: "insert 9 user9 person9@example.com"
db > Executed: "insert 10 user10 person10@example.com"
db > Executed: "insert 11 user11 person11@example.com"
db > Executed: "insert 12 user12 person12@example.com"
db > Executed: "insert 13 user13 person13@example.com"
db > Executed: "insert 14 user14 person14@example.com"
db > Executed: "insert 15 user15 person15@example.com"
db > Executed: "insert 16 user16 person16@example.com"
db > Executed: "insert 17 user17 person17@example.com"
db > Executed: "insert 18 user18 person18@example.com"
db > Executed: "insert 19 user19 person19@example.com"
db > Executed: "insert 20 user20 person20@example.com"
db > Executed: "insert 21 user21 person21@example.com"
db > Executed: "insert 22 user22 person22@example.com"
db > Executed: "insert 23 user23 person23@example.com"
db > Executed: "insert 24 user24 person24@example.com"
db > Executed: "insert 25 user25 person25@example.com"
db > Executed: "insert 26 user26 person26@example.com"
db > Executed: "insert 27 user27 person27@example.com"
db > Executed: "insert 28 user28 person28@example.com"
db > Executed: "insert 29 user29 person29@example.com"
db > Executed: "insert 30 user30 person30@example.com"
db > Executed: "insert 31 user31 person31@example.com"
db > Executed: "insert 32 user32 person32@example.com"
db > Executed: "insert 33 user33 person33@example.com"
db > Executed: "insert 34 user34 person34@example.com"
db > Executed: "insert 35 user35 person35@example.com"
db > Executed: "insert 36 user36 person36@example.com"
db > Executed: "insert 37 user37 person37@example.com"
db > Executed: "insert 38 user38 person38@example.com"
db > Executed: "insert 39 user39 person39@example.com"
db > Executed: "insert 40 user40 person40@example.com"
db > Executed: "insert 41 user41 person41@example.com"
db > Executed: "insert 42 user42 person42@example.com"
db > Executed: "insert 43 user43 person43@example.com"
db > Executed: "insert 44 user44 person44@example.com"
db > Executed: "insert 45 user45 person45@example.com"
db > Executed: "insert 46 user46 person46@example.com"
db > Executed: "insert 47 user47 person47@example.com"
db > Executed: "insert 48 user48 person48@example.com"
db > Executed: "insert 49 user49 person49@example.com"
db > Executed: "insert 50 user50 person50@example.com"
db > Executed: "insert 51 user51 person51@example.com"
db > Executed: "insert 52 user52 person52@example.com"
db > Executed: "insert 53 user53 person53@example.com"
db > Executed: "insert 54 user54 person54@example.com"
db > Executed: "insert 55 user55 person55@example.com"
db > Executed: "insert 56 user56 person56@example.com"
db > Executed: "insert 57 user57 person57@example.com"
db > Executed: "insert 58 user58 person58@example.com"
db > Executed: "insert 59 user59 person59@example.com"
db > Executed: "insert 60 user60 person60@example.com"
db > Executed: "insert 61 user61 person61@example.com"
db > Executed: "insert 62 user62 person62@example.com"
db > Executed: "insert 63 user63 person63@example.com"
db > Executed: "insert 64 user64 person64@example.com"
db > Executed: "insert 65 user65 person65@example.com"
db > Executed: "insert 66 user66 person66@example.com"
db > Executed: "insert 67 user67 person67@example.com"
db > Executed: "insert 68 user68 person68@example.com"
db > Executed: "insert 69 user69 person69@example.com"
db > Executed: "insert 70 user70 person70@example.com"
db > Executed: "insert 71 user71 person71@example.com"
db > Executed: "insert 72 user72 person72@example.com"
db > Executed: "insert 73 user73 person73@example.com"
db > Executed: "insert 74 user74 person74@example.com"
db > Executed: "insert 75 user75 person75@example.com"
db > Executed: "insert 76 user76 person76@example.com"
db > Executed: "insert 77 user77 person77@example.com"
db > Executed: "insert 78 user78 person78@example.com"
db > Executed: "insert 79 user79 person79@example.com"
db > Executed: "insert 80 user80 person80@example.com"
db > Executed: "insert 81 user81 person81@example.com"
db > Executed: "insert 82 user82 person82@example.com"
db > Executed: "insert 83 user83 person83@example.com"
db > Executed: "insert 84 user84 person84@example.com"
db > Executed: "insert 85 user85 person85@example.com"
db > Executed: "insert 86 user86 person86@example.com"
db > Executed: "insert 87 user87 person87@example.com"
db > Executed: "insert 88 user88 person88@example.com"
db > Executed: "insert 89 user89 person89@example.com"
db > Executed: "insert 90 user90 person90@example.com"
db > Executed: "insert 91 user91 person91@example.com"
db > Executed: "insert 92 user92 person92@example.com"
db > Executed: "insert 93 user93 person93@example.com"
db > Executed: "insert 94 user94 person94@example.com"
db > Executed: "insert 95 user95 person95@example.com"
db > Executed: "insert 96 user96 person96@example.com"
db > Executed: "insert 97 user97 person97@example.com"
db > Executed: "insert 98 user98 person98@example.com"
db > Executed: "insert 99 user99 person99@example.com"
db > Executed: "insert 100 user100 person100@example.com"
db > Executed: "insert 101 user101 person101@example.com"
db > Executed: "insert 102 user102 person102@example.com"
db > Executed: "insert 103 user103 person103@example.com"
db > Executed: "insert 104 user104 person104@example.com"
db > Executed: "insert 105 user105 person105@example.com"
db > Executed: "insert 106 user106 person106@example.com"
db > Executed: "insert 107 user107 person107@example.com"
db > Executed: "insert 108 user108 person108@example.com"
db > Executed: "insert 109 user109 person109@example.com"
db > Executed: "insert 110 user110 person110@example.com"
db > Executed: "insert 111 user111 person111@example.com"
db > Executed: "insert 112 user112 person112@example.com"
db > Executed: "insert 113 user113 person113@example.com"
db > Executed: "insert 114 user114 person114@example.com"
db > Executed: "insert 115 user115 person115@example.com"
db > Executed: "insert 116 user116 person116@example.com"
db > Executed: "insert 117 user117 person117@example.com"
db > Executed: "insert 118 user118 person118@example.com"
db > Executed: "insert 119 user119 person119@example.com"
db > Executed: "insert 120 user120 person120@example.com"
db > Executed: "insert 121 user121 person121@example.com"
db > Executed: "insert 122 user122 person122@example.com"
db > Executed: "insert 123 user123 person123@example.com"
db > Executed: "insert 124 user124 person124@example.com"
db > Executed: "insert 125 user125 person125@example.com"
db > Executed: "insert 126 user126 person126@example.com"
db > Executed: "insert 127 user127 person127@example.com"
db > Executed: "insert 128 user128 person128@example.com"
db > Executed: "insert 129 user129 person129@example.com"
db > Executed: "insert 130 user130 person130@example.com"
db > Executed: "insert 131 user131 person131@example.com"
db > Executed: "insert 132 user132 person132@example.com"
db > Executed: "insert 133 user133 person133@example.com"
db > Executed: "insert 134 user134 person134@example.com"
db > Executed: "insert 135 user135 person135@example.com"
db > Executed: "insert 136 user136 person136@example.com"
db > Executed: "insert 137 user137 person137@example.com"
db > Executed: "insert 138 user138 person138@example.com"
db > Executed: "insert 139 user139 person139@example.com"
db > Executed: "insert 140 user140 person140@example.com"
db > Executed: "insert 141 user141 person141@example.com"
db > Executed: "insert 142 user142 person142@example.com"
db > Executed: "insert 143 user143 person143@example.com"
db > Executed: "insert 144 user144 person144@example.com"
db > Executed: "insert 145 user145 person145@example.com"
db > Executed: "insert 146 user146 person146@example.com"
db > Executed: "insert 147 user147 person147@example.com"
db > Executed: "insert 148 user148 person148@example.com"
db > Executed: "insert 149 user149 person149@example.com"
db > Executed: "insert 150 user150 person150@example.com"
db > Executed: "insert 151 user151 person151@example.com"
db > Executed: "insert 152 user152 person152@example.com"
db > Executed: "insert 153 user153 person153@example.com"
db > Executed: "insert 154 user154 person154@example.com"
db > Executed: "insert 155 user155 person155@example.com"
db > Executed: "insert 156 user156 person156@example.com"
db > Executed: "insert 157 user157 person157@example.com"
db > Executed: "insert 158 user158 person158@example.com"
db > Executed: "insert 159 user159 person159@example.com"
db > Executed: "insert 160 user160 person160@example.com"
db > Executed: "insert 161 user161 person161@example.com"
db > Executed: "insert 162 user162 person162@example.com"
db > Executed: "insert 163 user163 person163@example.com"
db > Executed: "insert 164 user164 person164@example.com"
db > Executed: "insert 165 user165 person165@example.com"
db > Executed: "insert 166 user166 person166@example.com"
db > Executed: "insert 167 user167 person167@example.com"
db > Executed: "insert 168 user168 person168@example.com"
db > Executed: "insert 169 user169 person169@example.com"
db > Executed: "insert 170 user170 person170@example.com"
db > Executed: "insert 171 user171 person171@example.com"
db > Executed: "insert 172 user172 person172@example.com"
db > Executed: "insert 173 user173 person173@example.com"
db > Executed: "insert 174 user174 person174@example.com"
db > Executed: "insert 175 user175 person175@example.com"
db > Executed: "insert 176 user176 person176@example.com"
db > Executed: "insert 177 user177 person177@example.com"
db > Executed: "insert 178 user178 person178@example.com"
db > Executed: "insert 179 user179 person179@example.com"
db > Executed: "insert 180 user180 person180@example.com"
db > Executed: "insert 181 user181 person181@example.com"
db > Executed: "insert 182 user182 person182@example.com"
db > Executed: "insert 183 user183 person183@example.com"
db > Executed: "insert 184 user184 person184@example.com"
db > Executed: "insert 185 user185 person185@example.com"
db > Executed: "insert 186 user186 person186@example.com"
db > Executed: "insert 187 user187 person187@example.com"
db > Executed: "insert 188 user188 person188@example.com"
db > Executed: "insert 189 user189 person189@example.com"
db > Executed: "insert 190 user190 person190@example.com"
db > Executed: "insert 191 user191 person191@example.com"
db > Executed: "insert 192 user192 person192@example.com"
db > Executed: "insert 193 user193 person193@example.com"
db > Executed: "insert 194 user194 person194@example.com"
db > Executed: "insert 195 user195 person195@example.com"
db > Executed: "insert 196 user196 person196@example.com"
db > Executed: "insert 197 user197 person197@example.com"
db > Executed: "insert 198 user198 person198@example.com"
db > Executed: "insert 199 user199 person199@example.com"
db > Executed: "insert 200 user200 person200@example.com"
db > Executed: "insert 201 user201 person201@example.com"
db > Executed: "insert 202 user202 person202@example.com"
db > Executed: "insert 203 user203 person203@example.com"
db > Executed: "insert 204 user204 person204@example.com"
db > Executed: "insert 205 user205 person205@example.com"
db > Executed: "insert 206 user206 person206@example.com"
db > Executed: "insert 207 user207 person207@example.com"
db > Executed: "insert 208 user208 person208@example.com"
db > Executed: "insert 209 user209 person209@example.com"
db > Executed: "insert 210 user210 person210@example.com"
db > Executed: "insert 211 user211 person211@example.com"
db > Executed: "insert 212 user212 person212@example.com"
db > Executed: "insert 213 user213 person213@example.com"
db > Executed: "insert 214 user214 person214@example.com"
db > Executed: "insert 215 user215 person215@example.com"
db > Executed: "insert 216 user216 person216@example.com"
db > Executed: "insert 217 user217 person217@example.com"
db > Executed: "insert 218 user218 person218@example.com"
db > Executed: "insert 219 user219 person219@example.com"
db > Executed: "insert 220 user220 person220@example.com"
db > Executed: "insert 221 user221 person221@example.com"
db > Executed: "insert 222 user222 person222@example.com"
db > Executed: "insert 223 user223 person223@example.com"
db > Executed: "insert 224 user224 person224@example.com"
db > Executed: "insert 225 user225 person225@example.com"
db > Executed: "insert 226 user226 person226@example.com"
db > Executed: "insert 227 user227 person227@example.com"
db > Executed: "insert 228 user228 person228@example.com"
db > Executed: "insert 229 user229 person229@example.com"
db > Executed: "insert 230 user230 person230@example.com"
db > Executed: "insert 231 user231 person231@example.com"
db > Executed: "insert 232 user232 person232@example.com"
db > Executed: "insert 233 user233 person233@example.com"
db > Executed: "insert 234 user234 person234@example.com"
db > Executed: "insert 235 user235 person235@example.com"
db > Executed: "insert 236 user236 person236@example.com"
db > Executed: "insert 237 user237 person237@example.com"
db > Executed: "insert 238 user238 person238@example.com"
db > Executed: "insert 239 user239 person239@example.com"
db > Executed: "insert 240 user240 person240@example.com"
db > Executed: "insert 241 user241 person241@example.com"
db > Executed: "insert 242 user242 person242@example.com"
db > Executed: "insert 243 user243 person243@example.com"
db > Executed: "insert 244 user244 person244@example.com"
db > Executed: "insert 245 user245 person245@example.com"
db > Executed: "insert 246 user246 person246@example.com"
db > Executed: "insert 247 user247 person247@example.com"
db > Executed: "insert 248 user248 person248@example.com"
db > Executed: "insert 249 user249 person249@example.com"
db > Executed: "insert 250 user250 person250@example.com"
db > Executed: "insert 251 user251 person251@example.com"
db > Executed: "insert 252 user252 person252@example.com"
db > Executed: "insert 253 user253 person253@example.com"
db > Executed: "insert 254 user254 person254@example.com"
db > Executed: "insert 255 user255 person255@example.com"
db > Executed: "insert 256 user256 person256@example.com"
db > Executed: "insert 257 user257 person257@example.com"
db > Executed: "insert 258 user258 person258@example.com"
db > Executed: "insert 259 user259 person259@example.com"
db > Executed: "insert 260 user260 person260@example.com"
db > Executed: "insert 261 user261 person261@example.com"
db > Executed: "insert 262 user262 person262@example.com"
db > Executed: "insert 263 user263 person263@example.com"
db > Executed: "insert 264 user264 person264@example.com"
db > Executed: "insert 265 user265 person265@example.com"
db > Executed: "insert 266 user266 person266@example.com"
db > Executed: "insert 267 user267 person267@example.com"
db > Executed: "insert 268 user268 person268@example.com"
db > Executed: "insert 269 user269 person269@example.com"
db > Executed: "insert 270 user270 person270@example.com"
db > Executed: "insert 271 user271 person271@example.com"
db > Executed: "insert 272 user272 person272@example.com"
db > Executed: "insert 273 user273 person273@example.com"
db > Executed: "insert 274 user274 person274@example.com"
db > Executed: "insert 275 user275 person275@example.com"
db > Executed: "insert 276 user276 person276@example.com"
db > Executed: "insert 277 user277 person277@example.com"
db > Executed: "insert 278 user278 person278@example.com"
db > Executed: "insert 279 user279 person279@example.com"
db > Executed: "insert 280 user280 person280@example.com"
db > Executed: "insert 281 user281 person281@example.com"
db > Executed: "insert 282 user282 person282@example.com"
db > Executed: "insert 283 user283 person283@example.com"
db > Executed: "insert 284 user284 person284@example.com"
db > Executed: "insert 285 user285 person285@example.com"
db > Executed: "insert 286 user286 person286@example.com"
db > Executed: "insert 287 user287 person287@example.com"
db > Executed: "insert 288 user288 person288@example.com"
db > Executed: "insert 289 user289 person289@example.com"
db > Executed: "insert 290 user290 person290@example.com"
db > Executed: "insert 291 user291 person291@example.com"
db > Executed: "insert 292 user292 person292@example.com"
db > Executed: "insert 293 user293 person293@example.com"
db > Executed: "insert 294 user294 person294@example.com"
db > Executed: "insert 295 user295 person295@example.com"
db > Executed: "insert 296 user296 person296@example.com"
db > Executed: "insert 297 user297 person297@example.com"
db > Executed: "insert 298 user298 person298@example.com"
db > Executed: "insert 299 user299 person299@example.com"
db > Executed: "insert 300 user300 person300@example.com"
db > Executed: "insert 301 user301 person301@example.com"
db > Executed: "insert 302 user302 person302@example.com"
db > Executed: "insert 303 user303 person303@example.com"
db > Executed: "insert 304 user304 person304@example.com"
db > Executed: "insert 305 user305 person305@example.com"
db > Executed: "insert 306 user306 person306@example.com"
db > Executed: "insert 307 user307 person307@example.com"
db > Executed: "insert 308 user308 person308@example.com"
db > Executed: "insert 309 user309 person309@example.com"
db > Executed: "insert 310 user310 person310@example.com"
db > Executed: "insert 311 user311 person311@example.com"
db > Executed: "insert 312 user312 person312@example.com"
db > Executed: "insert 313 user313 person313@example.com"
db > Executed: "insert 314 user314 person314@example.com"
db > Executed: "insert 315 user315 person315@example.com"
db > Executed: "insert 316 user316 person316@example.com"
db > Executed: "insert 317 user317 person317@example.com"
db > Executed: "insert 318 user318 person318@example.com"
db > Executed: "insert 319 user319 person319@example.com"
db > Executed: "insert 320 user320 person320@example.com"
db > Executed: "insert 321 user321 person321@example.com"
db > Executed: "insert 322 user322 person322@example.com"
db > Executed: "insert 323 user323 person323@example.com"
db > Executed: "insert 324 user324 person324@example.com"
db > Executed: "insert 325 user325 person325@example.com"
db > Executed: "insert 326 user326 person326@example.com"
db > Executed: "insert 327 user327 person327@example.com"
db > Executed: "insert 328 user328 person328@example.com"
db > Executed: "insert 329 user329 person329@example.com"
db > Executed: "insert 330 user330 person330@example.com"
db > Executed: "insert 331 user331 person331@example.com"
db > Executed: "insert 332 user332 person332@example.com"
db > Executed: "insert 333 user333 person333@example.com"
db > Executed: "insert 334 user334 person334@example.com"
db > Executed: "insert 335 user335 person335@example.com"
db > Executed: "insert 336 user336 person336@example.com"
db > Executed: "insert 337 user337 person337@example.com"
db > Executed: "insert 338 user338 person338@example.com"
db > Executed: "insert 339 user339 person339@example.com"
db > Executed: "insert 340 user340 person340@example.com"
db > Executed: "insert 341 user341 person341@example.com"
db > Executed: "insert 342 user342 person342@example.com"
db > Executed: "insert 343 user343 person343@example.com"
db > Executed: "insert 344 user344 person344@example.com"
db > Executed: "insert 345 user345 person345@example.com"
db > Executed: "insert 346 user346 person346@example.com"
db > Executed: "insert 347 user347 person347@example.com"
db > Executed: "insert 348 user348 person348@example.com"
db > Executed: "insert 349 user349 person349@example.com"
db > Executed: "insert 350 user350 person350@example.com"
db > Executed: "insert 351 user351 person351@example.com"
db > Executed: "insert 352 user352 person352@example.com"
db > Executed: "insert 353 user353 person353@example.com"
db > Executed: "insert 354 user354 person354@example.com"
db > Executed: "insert 355 user355 person355@example.com"
db > Executed: "insert 356 user356 person356@example.com"
db > Executed: "insert 357 user357 person357@example.com"
db > Executed: "insert 358 user358 person358@example.com"
db > Executed: "insert 359 user359 person359@example.com"
db > Executed: "insert 360 user360 person360@example.com"
db > Executed: "insert 361 user361 person361@example.com"
db > Executed: "insert 362 user362 person362@example.com"
db > Executed: "insert 363 user363 person363@example.com"
db > Executed: "insert 364 user364 person364@example.com"
db > Executed: "insert 365 user365 person365@example.com"
db > Executed: "insert 366 user366 person366@example.com"
db > Executed: "insert 367 user367 person367@example.com"
db > Executed: "insert 368 user368 person368@example.com"
db > Executed: "insert 369 user369 person369@example.com"
db > Executed: "insert 370 user370 person370@example.com"
db > Executed: "insert 371 user371 person371@example.com"
db > Executed: "insert 372 user372 person372@example.com"
db > Executed: "insert 373 user373 person373@example.com"
db > Executed: "insert 374 user374 person374@example.com"
db > Executed: "insert 375 user375 person375@example.com"
db > Executed: "insert 376 user376 person376@example.com"
db > Executed: "insert 377 user377 person377@example.com"
db > Executed: "insert 378 user378 person378@example.com"
db > Executed: "insert 379 user379 person379@example.com"
db > Executed: "insert 380 user380 person380@example.com"
db > Executed: "insert 381 user381 person381@example.com"
db > Executed: "insert 382 user382 person382@example.com"
db > Executed: "insert 383 user383 person383@example.com"
db > Executed: "insert 384 user384 person384@example.com"
db > Executed: "insert 385 user385 person385@example.com"
db > Executed: "insert 386 user386 person386@example.com"
db > Executed: "insert 387 user387 person387@example.com"
db > Executed: "insert 388 user388 person388@example.com"
db > Executed: "insert 389 user389 person389@example.com"
db > Executed: "insert 390 user390 person390@example.com"
db > Executed: "insert 391 user391 person391@example.com"
db > Executed: "insert 392 user392 person392@example.com"
db > Executed: "insert 393 user393 person393@example.com"
db > Executed: "insert 394 user394 person394@example.com"
db > Executed: "insert 395 user395 person395@example.com"
db > Executed: "insert 396 user396 person396@example.com"
db > Executed: "insert 397 user397 person397@example.com"
db > Executed: "insert 398 user398 person398@example.com"
db > Executed: "insert 399 user399 person399@example.com"
db > Executed: "insert 400 user400 person400@example.com"
db > Executed: "insert 401 user401 person401@example.com"
db > Executed: "insert 402 user402 person402@example.com"
db > Executed: "insert 403 user403 person403@example.com"
db > Executed: "insert 404 user404 person404@example.com"
db > Executed: "insert 405 user405 person405@example.com"
db > Executed: "insert 406 user406 person406@example.com"
db > Executed: "insert 407 user407 person407@example.com"
db > Executed: "insert 408 user408 person408@example.com"
db > Executed: "insert 409 user409 person409@example.com"
db > Executed: "insert 410 user410 person410@example.com"
db > Executed: "insert 411 user411 person411@example.com"
db > Executed: "insert 412 user412 person412@example.com"
db > Executed: "insert 413 user413 person413@example.com"
db > Executed: "insert 414 user414 person414@example.com"
db > Executed: "insert 415 user415 person415@example.com"
db > Executed: "insert 416 user416 person416@example.com"
db > Executed: "insert 417 user417 person417@example.com"
db > Executed: "insert 418 user418 person418@example.com"
db > Executed: "insert 419 user419 person419@example.com"
db > Executed: "insert 420 user420 person420@example.com"
db > Executed: "insert 421 user421 person421@example.com"
db > Executed: "insert 422 user422 person422@example.com"
db > Executed: "insert 423 user423 person423@example.com"
db > Executed: "insert 424 user424 person424@example.com"
db > Executed: "insert 425 user425 person425@example.com"
db > Executed: "insert 426 user426 person426@example.com"
db > Executed: "insert 427 user427 person427@example.com"
db > Executed: "insert 428 user428 person428@example.com"
db > Executed: "insert 429 user429 person429@example.com"
db > Executed: "insert 430 user430 person430@example.com"
db > Executed: "insert 431 user431 person431@example.com"
db > Executed: "insert 432 user432 person432@example.com"
db > Executed: "insert 433 user433 person433@example.com"
db > Executed: "insert 434 user434 person434@example.com"
db > Executed: "insert 435 user435 person435@example.com"
db > Executed: "insert 436 user436 person436@example.com"
db > Executed: "insert 437 user437 person437@example.com"
db > Executed: "insert 438 user438 person438@example.com"
db > Executed: "insert 439 user439 person439@example.com"
db > Executed: "insert 440 user440 person440@example.com"
db > Executed: "insert 441 user441 person441@example.com"
db > Executed: "insert 442 user442 person442@example.com"
db > Executed: "insert 443 user443 person443@example.com"
db > Executed: "insert 444 user444 person444@example.com"
db > Executed: "insert 445 user445 person445@example.com"
db > Executed: "insert 446 user446 person446@example.com"
db > Executed: "insert 447 user447 person447@example.com"
db > Executed: "insert 448 user448 person448@example.com"
db > Executed: "insert 449 user449 person449@example.com"
db > Executed: "insert 450 user450 person450@example.com"
db > Executed: "insert 451 user451 person451@example.com"
db > Executed: "insert 452 user452 person452@example.com"
db > Executed: "insert 453 user453 person453@example.com"
db > Executed: "insert 454 user454 person454@example.com"
db > Executed: "insert 455 user455 person455@example.com"
db > Executed: "insert 456 user456 person456@example.com"
db > Executed: "insert 457 user457 person457@example.com"
db > Executed: "insert 458 user458 person458@example.com"
db > Executed: "insert 459 user459 person459@example.com"
db > Executed: "insert 460 user460 person460@example.com"
db > Executed: "insert 461 user461 person461@example.com"
db > Executed: "insert 462 user462 person462@example.com"
db > Executed: "insert 463 user463 person463@example.com"
db > Executed: "insert 464 user464 person464@example.com"
db > Executed: "insert 465 user465 person465@example.com"
db > Executed: "insert 466 user466 person466@example.com"
db > Executed: "insert 467 user467 person467@example.com"
db > Executed: "insert 468 user468 person468@example.com"
db > Executed: "insert 469 user469 person469@example.com"
db > Executed: "insert 470 user470 person470@example.com"
db > Executed: "insert 471 user471 person471@example.com"
db > Executed: "insert 472 user472 person472@example.com"
db > Executed: "insert 473 user473 person473@example.com"
db > Executed: "insert 474 user474 person474@example.com"
db > Executed: "insert 475 user475 person475@example.com"
db > Executed: "insert 476 user476 person476@example.com"
db > Executed: "insert 477 user477 person477@example.com"
db > Executed: "insert 478 user478 person478@example.com"
db > Executed: "insert 479 user479 person479@example.com"
db > Executed: "insert 480 user480 person480@example.com"
db > Executed: "insert 481 user481 person481@example.com"
db > Executed: "insert 482 user482 person482@example.com"
db > Executed: "insert 483 user483 person483@example.com"
db > Executed: "insert 484 user484 person484@example.com"
db > Executed: "insert 485 user485 person485@example.com"
db > Executed: "insert 486 user486 person486@example.com"
db > Executed: "insert 487 user487 person487@example.com"
db > Executed: "insert 488 user488 person488@example.com"
db > Executed: "insert 489 user489 person489@example.com"
db > Executed: "insert 490 user490 person490@example.com"
db > Executed: "insert 491 user491 person491@example.com"
db > Executed: "insert 492 user492 person492@example.com"
db > Executed: "insert 493 user493 person493@example.com"
db > Executed: "insert 494 user494 person494@example.com"
db > Executed: "insert 495 user495 person495@example.com"
db > Executed: "insert 496 user496 person496@example.com"
db > Executed: "insert 497 user497 person497@example.com"
db > Executed: "insert 498 user498 person498@example.com"
db > Executed: "insert 499 user499 person499@example.com"
db > Executed: "insert 500 user500 person500@example.com"
db > Executed: "insert 501 user501 person501@example.com"
db > Executed: "insert 502 user502 person502@example.com"
db > Executed: "insert 503 user503 person503@example.com"
db > Executed: "insert 504 user504 person504@example.com"
db > Executed: "insert 505 user505 person505@example.com"
db > Executed: "insert 506 user506 person506@example.com"
db > Executed: "insert 507 user507 person507@example.com"
db > Executed: "insert 508 user508 person508@example.com"
db > Executed: "insert 509 user509 person509@example.com"
db > Executed: "insert 510 user510 person510@example.com"
db > Executed: "insert 511 user511 person511@example.com"
db > Executed: "insert 512 user512 person512@example.com"
db > Executed: "insert 513 user513 person513@example.com"
db > Executed: "insert 514 user514 person514@example.com"
db > Executed: "insert 515 user515 person515@example.com"
db > Executed: "insert 516 user516 person516@example.com"
db > Executed: "insert 517 user517 person517@example.com"
db > Executed: "insert 518 user518 person518@example.com"
db > Executed: "insert 519 user519 person519@example.com"
db > Executed: "insert 520 user520 person520@example.com"
db > Executed: "insert 521 user521 person521@example.com"
db > Executed: "insert 522 user522 person522@example.com"
db > Executed: "insert 523 user523 person523@example.com"
db > Executed: "insert 524 user524 person524@example.com"
db > Executed: "insert 525 user525 person525@example.com"
db > Executed: "insert 526 user526 person526@example.com"
db > Executed: "insert 527 user527 person527@example.com"
db > Executed: "insert 528 user528 person528@example.com"
db > Executed: "insert 529 user529 person529@example.com"
db > Executed: "insert 530 user530 person530@example.com"
db > Executed: "insert 531 user531 person531@example.com"
db > Executed: "insert 532 user532 person532@example.com"
db > Executed: "insert 533 user533 person533@example.com"
db > Executed: "insert 534 user534 person534@example.com"
db > Executed: "insert 535 user535 person535@example.com"
db > Executed: "insert 536 user536 person536@example.com"
db > Executed: "insert 537 user537 person537@example.com"
db > Executed: "insert 538 user538 person538@example.com"
db > Executed: "insert 539 user539 person539@example.com"
db > Executed: "insert 540 user540 person540@example.com"
db > Executed: "insert 541 user541 person541@example.com"
db > Executed: "insert 542 user542 person542@example.com"
db > Executed: "insert 543 user543 person543@example.com"
db > Executed: "insert 544 user544 person544@example.com"
db > Executed: "insert 545 user545 person545@example.com"
db > Executed: "insert 546 user546 person546@example.com"
db > Executed: "insert 547 user547 person547@example.com"
db > Executed: "insert 548 user548 person548@example.com"
db > Executed: "insert 549 user549 person549@example.com"
db > Executed: "insert 550 user550 person550@example.com"
db > Executed: "insert 551 user551 person551@example.com"
db > Executed: "insert 552 user552 person552@example.com"
db > Executed: "insert 553 user553 person553@example.com"
db > Executed: "insert 554 user554 person554@example.com"
db > Executed: "insert 555 user555 person555@example.com"
db > Executed: "insert 556 user556 person556@example.com"
db > Executed: "insert 557 user557 person557@example.com"
db > Executed: "insert 558 user558 person558@example.com"
db > Executed: "insert 559 user559 person559@example.com"
db > Executed: "insert 560 user560 person560@example.com"
db > Executed: "insert 561 user561 person561@example.com"
db > Executed: "insert 562 user562 person562@example.com"
db > Executed: "insert 563 user563 person563@example.com"
db > Executed: "insert 564 user564 person564@example.com"
db > Executed: "insert 565 user565 person565@example.com"
db > Executed: "insert 566 user566 person566@example.com"
db > Executed: "insert 567 user567 person567@example.com"
db > Executed: "insert 568 user568 person568@example.com"
db > Executed: "insert 569 user569 person569@example.com"
db > Executed: "insert 570 user570 person570@example.com"
db > Executed: "insert 571 user571 person571@example.com"
db > Executed: "insert 572 user572 person572@example.com"
db > Executed: "insert 573 user573 person573@example.com"
db > Executed: "insert 574 user574 person574@example.com"
db > Executed: "insert 575 user575 person575@example.com"
db > Executed: "insert 576 user576 person576@example.com"
db > Executed: "insert 577 user577 person577@example.com"
db > Executed: "insert 578 user578 person578@example.com"
db > Executed: "insert 579 user579 person579@example.com"
db > Executed: "insert 580 user580 person580@example.com"
db > Executed: "insert 581 user581 person581@example.com"
db > Executed: "insert 582 user582 person582@example.com"
db > Executed: "insert 583 user583 person583@example.com"
db > Executed: "insert 584 user584 person584@example.com"
db > Executed: "insert 585 user585 person585@example.com"
db > Executed: "insert 586 user586 person586@example.com"
db > Executed: "insert 587 user587 person587@example.com"
db > Executed: "insert 588 user588 person588@example.com"
db > Executed: "insert 589 user589 person589@example.com"
db > Executed: "insert 590 user590 person590@example.com"
db > Executed: "insert 591 user591 person591@example.com"
db > Executed: "insert 592 user592 person592@example.com"
db > Executed: "insert 593 user593 person593@example.com"
db > Executed: "insert 594 user594 person594@example.com"
db > Executed: "insert 595 user595 person595@example.com"
db > Executed: "insert 596 user596 person596@example.com"
db > Executed: "insert 597 user597 person597@example.com"
db > Executed: "insert 598 user598 person598@example.com"
db > Executed: "insert 599 user599 person599@example.com"
db > Executed: "insert 600 user600 person600@example.com"
db > Executed: "insert 601 user601 person601@example.com"
db > Executed: "insert 602 user602 person602@example.com"
db > Executed: "insert 603 user603 person603@example.com"
db > Executed: "insert 604 user604 person604@example.com"
db > Executed: "insert 605 user605 person605@example.com"
db > Executed: "insert 606 user606 person606@example.com"
db > Executed: "insert 607 user607 person607@example.com"
db > Executed: "insert 608 user608 person608@example.com"
db > Executed: "insert 609 user609 person609@example.com"
db > Executed: "insert 610 user610 person610@example.com"
db > Executed: "insert 611 user611 person611@example.com"
db > Executed: "insert 612 user612 person612@example.com"
db > Executed: "insert 613 user613 person613@example.com"
db > Executed: "insert 614 user614 person614@example.com"
db > Executed: "insert 615 user615 person615@example.com"
db > Executed: "insert 616 user616 person616@example.com"
db > Executed: "insert 617 user617 person617@example.com"
db > Executed: "insert 618 user618 person618@example.com"
db > Executed: "insert 619 user619 person619@example.com"
db > Executed: "insert 620 user620 person620@example.com"
db > Executed: "insert 621 user621 person621@example.com"
db > Executed: "insert 622 user622 person622@example.com"
db > Executed: "insert 623 user623 person623@example.com"
db > Executed: "insert 624 user624 person624@example.com"
db > Executed: "insert 625 user625 person625@example.com"
db > Executed: "insert 626 user626 person626@example.com"
db > Executed: "insert 627 user627 person627@example.com"
db > Executed: "insert 628 user628 person628@example.com"
db > Executed: "insert 629 user629 person629@example.com"
db > Executed: "insert 630 user630 person630@example.com"
db > Executed: "insert 631 user631 person631@example.com"
db > Executed: "insert 632 user632 person632@example.com"
db > Executed: "insert 633 user633 person633@example.com"
db > Executed: "insert 634 user634 person634@example.com"
db > Executed: "insert 635 user635 person635@example.com"
db > Executed: "insert 636 user636 person636@example.com"
db > Executed: "insert 637 user637 person637@example.com"
db > Executed: "insert 638 user638 person638@example.com"
db > Executed: "insert 639 user639 person639@example.com"
db > Executed: "insert 640 user640 person640@example.com"
db > Executed: "insert 641 user641 person641@example.com"
db > Executed: "insert 642 user642 person642@example.com"
db > Executed: "insert 643 user643 person643@example.com"
db > Executed: "insert 644 user644 person644@example.com"
db > Executed: "insert 645 user645 person645@example.com"
db > Executed: "insert 646 user646 person646@example.com"
db > Executed: "insert 647 user647 person647@example.com"
db > Executed: "insert 648 user648 person648@example.com"
db > Executed: "insert 649 user649 person649@example.com"
db > Executed: "insert 650 user650 person650@example.com"
db > Executed: "insert 651 user651 person651@example.com"
db > Executed: "insert 652 user652 person652@example.com"
db > Executed: "insert 653 user653 person653@example.com"
db > Executed: "insert 654 user654 person654@example.com"
db > Executed: "insert 655 user655 person655@example.com"
db > Executed: "insert 656 user656 person656@example.com"
db > Executed: "insert 657 user657 person657@example.com"
db > Executed: "insert 658 user658 person658@example.com"
db > Executed: "insert 659 user659 person659@example.com"
db > Executed: "insert 660 user660 person660@example.com"
db > Executed: "insert 661 user661 person661@example.com"
db > Executed: "insert 662 user662 person662@example.com"
db > Executed: "insert 663 user663 person663@example.com"
db > Executed: "insert 664 user664 person664@example.com"
db > Executed: "insert 665 user665 person665@example.com"
db > Executed: "insert 666 user666 person666@example.com"
db > Executed: "insert 667 user667 person667@example.com"
db > Executed: "insert 668 user668 person668@example.com"
db > Executed: "insert 669 user669 person669@example.com"
db > Executed: "insert 670 user670 person670@example.com"
db > Executed: "insert 671 user671 person671@example.com"
db > Executed: "insert 672 user672 person672@example.com"
db > Executed: "insert 673 user673 person673@example.com"
db > Executed: "insert 674 user674 person674@example.com"
db > Executed: "insert 675 user675 person675@example.com"
db > Executed: "insert 676 user676 person676@example.com"
db > Executed: "insert 677 user677 person677@example.com"
db > Executed: "insert 678 user678 person678@example.com"
db > Executed: "insert 679 user679 person679@example.com"
db > Executed: "insert 680 user680 person680@example.com"
db > Executed: "insert 681 user681 person681@example.com"
db > Executed: "insert 682 user682 person682@example.com"
db > Executed: "insert 683 user683 person683@example.com"
db > Executed: "insert 684 user684 person684@example.com"
db > Executed: "insert 685 user685 person685@example.com"
db > Executed: "insert 686 user686 person686@example.com"
db > Executed: "insert 687 user687 person687@example.com"
db > Executed: "insert 688 user688 person688@example.com"
db > Executed: "insert 689 user689 person689@example.com"
db > Executed: "insert 690 user690 person690@example.com"
db > Executed: "insert 691 user691 person691@example.com"
db > Executed: "insert 692 user692 person692@example.com"
db > Executed: "insert 693 user693 person693@example.com"
db > Executed: "insert 694 user694 person694@example.com"
db > Executed: "insert 695 user695 person695@example.com"
db > Executed: "insert 696 user696 person696@example.com"
db > Executed: "insert 697 user697 person697@example.com"
db > Executed: "insert 698 user698 person698@example.com"
db > Executed: "insert 699 user699 person699@example.com"
db > Executed: "insert 700 user700 person700@example.com"
db > Executed: "insert 701 user701 person701@example.com"
db > Executed: "insert 702 user702 person702@example.com"
db > Executed: "insert 703 user703 person703@example.com"
db > Executed: "insert 704 user704 person704@example.com"
db > Executed: "insert 705 user705 person705@example.com"
db > Executed: "insert 706 user706 person706@example.com"
db > Executed: "insert 707 user707 person707@example.com"
db > Executed: "insert 708 user708 person708@example.com"
db > Executed: "insert 709 user709 person709@example.com"
db > Executed: "insert 710 user710 person710@example.com"
db > Executed: "insert 711 user711 person711@example.com"
db > Executed: "insert 712 user712 person712@example.com"
db > Executed: "insert 713 user713 person713@example.com"
db > Executed: "insert 714 user714 person714@example.com"
db > Executed: "insert 715 user715 person715@example.com"
db > Executed: "insert 716 user716 person716@example.com"
db > Executed: "insert 717 user717 person717@example.com"
db > Executed: "insert 718 user718 person718@example.com"
db > Executed: "insert 719 user719 person719@example.com"
db > Executed: "insert 720 user720 person720@example.com"
db > Executed: "insert 721 user721 person721@example.com"
db > Executed: "insert 722 user722 person722@example.com"
db > Executed: "insert 723 user723 person723@example.com"
db > Executed: "insert 724 user724 person724@example.com"
db > Executed: "insert 725 user725 person725@example.com"
db > Executed: "insert 726 user726 person726@example.com"
db > Executed: "insert 727 user727 person727@example.com"
db > Executed: "insert 728 user728 person728@example.com"
db > Executed: "insert 729 user729 person729@example.com"
db > Executed: "insert 730 user730 person730@example.com"
db > Executed: "insert 731 user731 person731@example.com"
db > Executed: "insert 732 user732 person732@example.com"
db > Executed: "insert 733 user733 person733@example.com"
db > Executed: "insert 734 user734 person734@example.com"
db > Executed: "insert 735 user735 person735@example.com"
db > Executed: "insert 736 user736 person736@example.com"
db > Executed: "insert 737 user737 person737@example.com"
db > Executed: "insert 738 user738 person738@example.com"
db > Executed: "insert 739 user739 person739@example.com"
db > Executed: "insert 740 user740 person740@example.com"
db > Executed: "insert 741 user741 person741@example.com"
db > Executed: "insert 742 user742 person742@example.com"
db > Executed: "insert 743 user743 person743@example.com"
db > Executed: "insert 744 user744 person744@example.com"
db > Executed: "insert 745 user745 person745@example.com"
db > Executed: "insert 746 user746 person746@example.com"
db > Executed: "insert 747 user747 person747@example.com"
db > Executed: "insert 748 user748 person748@example.com"
db > Executed: "insert 749 user749 person749@example.com"
db > Executed: "insert 750 user750 person750@example.com"
db > Executed: "insert 751 user751 person751@example.com"
db > Executed: "insert 752 user752 person752@example.com"
db > Executed: "insert 753 user753 person753@example.com"
db > Executed: "insert 754 user754 person754@example.com"
db > Executed: "insert 755 user755 person755@example.com"
db > Executed: "insert 756 user756 person756@example.com"
db > Executed: "insert 757 user757 person757@example.com"
db > Executed: "insert 758 user758 person758@example.com"
db > Executed: "insert 759 user759 person759@example.com"
db > Executed: "insert 760 user760 person760@example.com"
db > Executed: "insert 761 user761 person761@example.com"
db > Executed: "insert 762 user762 person762@example.com"
db > Executed: "insert 763 user763 person763@example.com"
db > Executed: "insert 764 user764 person764@example.com"
db > Executed: "insert 765 user765 person765@example.com"
db > Executed: "insert 766 user766 person766@example.com"
db > Executed: "insert 767 user767 person767@example.com"
db > Executed: "insert 768 user768 person768@example.com"
db > Executed: "insert 769 user769 person769@example.com"
db > Executed: "insert 770 user770 person770@example.com"
db > Executed: "insert 771 user771 person771@example.com"
db > Executed: "insert 772 user772 person772@example.com"
db > Executed: "insert 773 user773 person773@example.com"
db > Executed: "insert 774 user774 person774@example.com"
db > Executed: "insert 775 user775 person775@example.com"
db > Executed: "insert 776 user776 person776@example.com"
db > Executed: "insert 777 user777 person777@example.com"
db > Executed: "insert 778 user778 person778@example.com"
db > Executed: "insert 779 user779 person779@example.com"
db > Executed: "insert 780 user780 person780@example.com"
db > Executed: "insert 781 user781 person781@example.com"
db > Executed: "insert 782 user782 person782@example.com"
db > Executed: "insert 783 user783 person783@example.com"
db > Executed: "insert 784 user784 person784@example.com"
db > Executed: "insert 785 user785 person785@example.com"
db > Executed: "insert 786 user786 person786@example.com"
db > Executed: "insert 787 user787 person787@example.com"
db > Executed: "insert 788 user788 person788@example.com"
db > Executed: "insert 789 user789 person789@example.com"
db > Executed: "insert 790 user790 person790@example.com"
db > Executed: "insert 791 user791 person791@example.com"
db > Executed: "insert 792 user792 person792@example.com"
db > Executed: "insert 793 user793 person793@example.com"
db > Executed: "insert 794 user794 person794@example.com"
db > Executed: "insert 795 user795 person795@example.com"
db > Executed: "insert 796 user796 person796@example.com"
db > Executed: "insert 797 user797 person797@example.com"
db > Executed: "insert 798 user798 person798@example.com"
db > Executed: "insert 799 user799 person799@example.com"
db > Executed: "insert 800 user800 person800@example.com"
db > Executed: "insert 801 user801 person801@example.com"
db > Executed: "insert 802 user802 person802@example.com"
db > Executed: "insert 803 user803 person803@example.com"
db > Executed: "insert 804 user804 person804@example.com"
db > Executed: "insert 805 user805 person805@example.com"
db > Executed: "insert 806 user806 person806@example.com"
db > Executed: "insert 807 user807 person807@example.com"
db > Executed: "insert 808 user808 person808@example.com"
db > Executed: "insert 809 user809 person809@example.com"
db > Executed: "insert 810 user810 person810@example.com"
db > Executed: "insert 811 user811 person811@example.com"
db > Executed: "insert 812 user812 person812@example.com"
db > Executed: "insert 813 user813 person813@example.com"
db > Executed: "insert 814 user814 person814@example.com"
db > Executed: "insert 815 user815 person815@example.com"
db > Executed: "insert 816 user816 person816@example.com"
db > Executed: "insert 817 user817 person817@example.com"
db > Executed: "insert 818 user818 person818@example.com"
db > Executed: "insert 819 user819 person819@example.com"
db > Executed: "insert 820 user820 person820@example.com"
db > Executed: "insert 821 user821 person821@example.com"
db > Executed: "insert 822 user822 person822@example.com"
db > Executed: "insert 823 user823 person823@example.com"
db > Executed: "insert 824 user824 person824@example.com"
db > Executed: "insert 825 user825 person825@example.com"
db > Executed: "insert 826 user826 person826@example.com"
db > Executed: "insert 827 user827 person827@example.com"
db > Executed: "insert 828 user828 person828@example.com"
db > Executed: "insert 829 user829 person829@example.com"
db > Executed: "insert 830 user830 person830@example.com"
db > Executed: "insert 831 user831 person831@example.com"
db > Executed: "insert 832 user832 person832@example.com"
db > Executed: "insert 833 user833 person833@example.com"
db > Executed: "insert 834 user834 person834@example.com"
db > Executed: "insert 835 user835 person835@example.com"
db > Executed: "insert 836 user836 person836@example.com"
db > Executed: "insert 837 user837 person837@example.com"
db > Executed: "insert 838 user838 person838@example.com"
db > Executed: "insert 839 user839 person839@example.com"
db > Executed: "insert 840 user840 person840@example.com"
db > Executed: "insert 841 user841 person841@example.com"
db > Executed: "insert 842 user842 person842@example.com"
db > Executed: "insert 843 user843 person843@example.com"
db > Executed: "insert 844 user844 person844@example.com"
db > Executed: "insert 845 user845 person845@example.com"
db > Executed: "insert 846 user846 person846@example.com"
db > Executed: "insert 847 user847 person847@example.com"
db > Executed: "insert 848 user848 person848@example.com"
db > Executed: "insert 849 user849 person849@example.com"
db > Executed: "insert 850 user850 person850@example.com"
db > Executed: "insert 851 user851 person851@example.com"
db > Executed: "insert 852 user852 person852@example.com"
db > Executed: "insert 853 user853 person853@example.com"
db > Executed: "insert 854 user854 person854@example.com"
db > Executed: "insert 855 user855 person855@example.com"
db > Executed: "insert 856 user856 person856@example.com"
db > Executed: "insert 857 user857 person857@example.com"
db > Executed: "insert 858 user858 person858@example.com"
db > Executed: "insert 859 user859 person859@example.com"
db > Executed: "insert 860 user860 person860@example.com"
db > Executed: "insert 861 user861 person861@example.com"
db > Executed: "insert 862 user862 person862@example.com"
db > Executed: "insert 863 user863 person863@example.com"
db > Executed: "insert 864 user864 person864@example.com"
db > Executed: "insert 865 user865 person865@example.com"
db > Executed: "insert 866 user866 person866@example.com"
db > Executed: "insert 867 user867 person867@example.com"
db > Executed: "insert 868 user868 person868@example.com"
db > Executed: "insert 869 user869 person869@example.com"
db > Executed: "insert 870 user870 person870@example.com"
db > Executed: "insert 871 user871 person871@example.com"
db > Executed: "insert 872 user872 person872@example.com"
db > Executed: "insert 873 user873 person873@example.com"
db > Executed: "insert 874 user874 person874@example.com"
db > Executed: "insert 875 user875 person875@example.com"
db > Executed: "insert 876 user876 person876@example.com"
db > Executed: "insert 877 user877 person877@example.com"
db > Executed: "insert 878 user878 person878@example.com"
db > Executed: "insert 879 user879 person879@example.com"
db > Executed: "insert 880 user880 person880@example.com"
db > Executed: "insert 881 user881 person881@example.com"
db > Executed: "insert 882 user882 person882@example.com"
db > Executed: "insert 883 user883 person883@example.com"
db > Executed: "insert 884 user884 person884@example.com"
db > Executed: "insert 885 user885 person885@example.com"
db > Executed: "insert 886 user886 person886@example.com"
db > Executed: "insert 887 user887 person887@example.com"
db > Executed: "insert 888 user888 person888@example.com"
db > Executed: "insert 889 user889 person889@example.com"
db > Executed: "insert 890 user890 person890@example.com"
db > Executed: "insert 891 user891 person891@example.com"
db > Executed: "insert 892 user892 person892@example.com"
db > Executed: "insert 893 user893 person893@example.com"
db > Executed: "insert 894 user894 person894@example.com"
db > Executed: "insert 895 user895 person895@example.com"
db > Executed: "insert 896 user896 person896@example.com"
db > Executed: "insert 897 user897 person897@example.com"
db > Executed: "insert 898 user898 person898@example.com"
db > Executed: "insert 899 user899 person899@example.com"
db > Executed: "insert 900 user900 person900@example.com"
db > Executed: "insert 901 user901 person901@example.com"
db > Executed: "insert 902 user902 person902@example.com"
db > Executed: "insert 903 user903 person903@example.com"
db > Executed: "insert 904 user904 person904@example.com"
db > Executed: "insert 905 user905 person905@example.com"
db > Executed: "insert 906 user906 person906@example.com"
db > Executed: "insert 907 user907 person907@example.com"
db > Executed: "insert 908 user908 person908@example.com"
db > Executed: "insert 909 user909 person909@example.com"
db > Executed: "insert 910 user910 person910@example.com"
db > Executed: "insert 911 user911 person911@example.com"
db > Executed: "insert 912 user912 person912@example.com"
db > Executed: "insert 913 user913 person913@example.com"
db > Executed: "insert 914 user914 person914@example.com"
db > Executed: "insert 915 user915 person915@example.com"
db > Executed: "insert 916 user916 person916@example.com"
db > Executed: "insert 917 user917 person917@example.com"
db > Executed: "insert 918 user918 person918@example.com"
db > Executed: "insert 919 user919 person919@example.com"
db > Executed: "insert 920 user920 person920@example.com"
db > Executed: "insert 921 user921 person921@example.com"
db > Executed: "insert 922 user922 person922@example.com"
db > Executed: "insert 923 user923 person923@example.com"
db > Executed: "insert 924 user924 person924@example.com"
db > Executed: "insert 925 user925 person925@example.com"
db > Executed: "insert 926 user926 person926@example.com"
db > Executed: "insert 927 user927 person927@example.com"
db > Executed: "insert 928 user928 person928@example.com"
db > Executed: "insert 929 user929 person929@example.com"
db > Executed: "insert 930 user930 person930@example.com"
db > Executed: "insert 931 user931 person931@example.com"
db > Executed: "insert 932 user932 person932@example.com"
db > Executed: "insert 933 user933 person933@example.com"
db > Executed: "insert 934 user934 person934@example.com"
db > Executed: "insert 935 user935 person935@example.com"
db > Executed: "insert 936 user936 person936@example.com"
db > Executed: "insert 937 user937 person937@example.com"
db > Executed: "insert 938 user938 person938@example.com"
db > Executed: "insert 939 user939 person939@example.com"
db > Executed: "insert 940 user940 person940@example.com"
db > Executed: "insert 941 user941 person941@example.com"
db > Executed: "insert 942 user942 person942@example.com"
db > Executed: "insert 943 user943 person943@example.com"
db > Executed: "insert 944 user944 person944@example.com"
db > Executed: "insert 945 user945 person945@example.com"
db > Executed: "insert 946 user946 person946@example.com"
db > Executed: "insert 947 user947 person947@example.com"
db > Executed: "insert 948 user948 person948@example.com"
db > Executed: "insert 949 user949 person949@example.com"
db > Executed: "insert 950 user950 person950@example.com"
db > Executed: "insert 951 user951 person951@example.com"
db > Executed: "insert 952 user952 person952@example.com"
db > Executed: "insert 953 user953 person953@example.com"
db > Executed: "insert 954 user954 person954@example.com"
db > Executed: "insert 955 user955 person955@example.com"
db > Executed: "insert 956 user956 person956@example.com"
db > Executed: "insert 957 user957 person957@example.com"
db > Executed: "insert 958 user958 person958@example.com"
db > Executed: "insert 959 user959 person959@example.com"
db > Executed: "insert 960 user960 person960@example.com"
db > Executed: "insert 961 user961 person961@example.com"
db > Executed: "insert 962 user962 person962@example.com"
db > Executed: "insert 963 user963 person963@example.com"
db > Executed: "insert 964 user964 person964@example.com"
db > Executed: "insert 965 user965 person965@example.com"
db > Executed: "insert 966 user966 person966@example.com"
db > Executed: "insert 967 user967 person967@example.com"
db > Executed: "insert 968 user968 person968@example.com"
db > Executed: "insert 969 user969 person969@example.com"
db > Executed: "insert 970 user970 person970@example.com"
db > Executed: "insert 971 user971 person971@example.com"
db > Executed: "insert 972 user972 person972@example.com"
db > Executed: "insert 973 user973 person973@example.com"
db > Executed: "insert 974 user974 person974@example.com"
db > Executed: "insert 975 user975 person975@example.com"
db > Executed: "insert 976 user976 person976@example.com"
db > Executed: "insert 977 user977 person977@example.com"
db > Executed: "insert 978 user978 person978@example.com"
db > Executed: "insert 979 user979 person979@example.com"
db > Executed: "insert 980 user980 person980@example.com"
db > Executed: "insert 981 user981 person981@example.com"
db > Executed: "insert 982 user982 person982@example.com"
db > Executed: "insert 983 user983 person983@example.com"
db > Executed: "insert 984 user984 person984@example.com"
db > Executed: "insert 985 user985 person985@example.com"
db > Executed: "insert 986 user986 person986@example.com"
db > Executed: "insert 987 user987 person987@example.com"
db > Executed: "insert 988 user988 person988@example.com"
db > Executed: "insert 989 user989 person989@example.com"
db > Executed: "insert 990 user990 person990@example.com"
db > Executed: "insert 991 user991 person991@example.com"
db > Executed: "insert 992 user992 person992@example.com"
db > Executed: "insert 993 user993 person993@example.com"
db > Executed: "insert 994 user994 person994@example.com"
db > Executed: "insert 995 user995 person995@example.com"
db > Executed: "insert 996 user996 person996@example.com"
db > Executed: "insert 997 user997 person997@example.com"
db > Executed: "insert 998 user998 person998@example.com"
db > Executed: "insert 999 user999 person999@example.com"
db > Executed: "insert 1000 user1000 person1000@example.com"
db > Executed: "insert 1001 user1001 person1001@example.com"
db > Executed: "insert 1002 user1002 person1002@example.com"
db > Executed: "insert 1003 user1003 person1003@example.com"
db > Executed: "insert 1004 user1004 person1004@example.com"
db > Executed: "insert 1005 user1005 person1005@example.com"
db > Executed: "insert 1006 user1006 person1006@example.com"
db > Executed: "insert 1007 user1007 person1007@example.com"
db > Executed: "insert 1008 user1008 person1008@example.com"
db > Executed: "insert 1009 user1009 person1009@example.com"
db > Executed: "insert 1010 user1010 person1010@example.com"
db > Executed: "insert 1011 user1011 person1011@example.com"
db > Executed: "insert 1012 user1012 person1012@example.com"
db > Executed: "insert 1013 user1013 person1013@example.com"
db > Executed: "insert 1014 user1014 person1014@example.com"
db > Executed: "insert 1015 user1015 person1015@example.com"
db > Executed: "insert 1016 user1016 person1016@example.com"
db > Executed: "insert 1017 user1017 person1017@example.com"
db > Executed: "insert 1018 user1018 person1018@example.com"
db > Executed: "insert 1019 user1019 person1019@example.com"
db > Executed: "insert 1020 user1020 person1020@example.com"
db > Executed: "insert 1021 user1021 person1021@example.com"
db > Executed: "insert 1022 user1022 person1022@example.com"
db > Executed: "insert 1023 user1023 person1023@example.com"
db > Executed: "insert 1024 user1024 person1024@example.com"
db > Executed: "insert 1025 user1025 person1025@example.com"
db > Executed: "insert 1026 user1026 person1026@example.com"
db > Executed: "insert 1027 user1027 person1027@example.com"
db > Executed: "insert 1028 user1028 person1028@example.com"
db > Executed: "insert 1029 user1029 person1029@example.com"
db > Executed: "insert 1030 user1030 person1030@example.com"
db > Executed: "insert 1031 user1031 person1031@example.com"
db > Executed: "insert 1032 user1032 person1032@example.com"
db > Executed: "insert 1033 user1033 person1033@example.com"
db > Executed: "insert 1034 user1034 person1034@example.com"
db > Executed: "insert 1035 user1035 person1035@example.com"
db > Executed: "insert 1036 user1036 person1036@example.com"
db > Executed: "insert 1037 user1037 person1037@example.com"
db > Executed: "insert 1038 user1038 person1038@example.com"
db > Executed: "insert 1039 user1039 person1039@example.com"
db > Executed: "insert 1040 user1040 person1040@example.com"
db > Executed: "insert 1041 user1041 person1041@example.com"
db > Executed: "insert 1042 user1042 person1042@example.com"
db > Executed: "insert 1043 user1043 person1043@example.com"
db > Executed: "insert 1044 user1044 person1044@example.com"
db > Executed: "insert 1045 user1045 person1045@example.com"
db > Executed: "insert 1046 user1046 person1046@example.com"
db > Executed: "insert 1047 user1047 person1047@example.com"
db > Executed: "insert 1048 user1048 person1048@example.com"
db > Executed: "insert 1049 user1049 person1049@example.com"
db > Executed: "insert 1050 user1050 person1050@example.com"
db > Executed: "insert 1051 user1051 person1051@example.com"
db > Executed: "insert 1052 user1052 person1052@example.com"
db > Executed: "insert 1053 user1053 person1053@example.com"
db > Executed: "insert 1054 user1054 person1054@example.com"
db > Executed: "insert 1055 user1055 person1055@example.com"
db > Executed: "insert 1056 user1056 person1056@example.com"
db > Executed: "insert 1057 user1057 person1057@example.com"
db > Executed: "insert 1058 user1058 person1058@example.com"
db > Executed: "insert 1059 user1059 person1059@example.com"
db > Executed: "insert 1060 user1060 person1060@example.com"
db > Executed: "insert 1061 user1061 person1061@example.com"
db > Executed: "insert 1062 user1062 person1062@example.com"
db > Executed: "insert 1063 user1063 person1063@example.com"
db > Executed: "insert 1064 user1064 person1064@example.com"
db > Executed: "insert 1065 user1065 person1065@example.com"
db > Executed: "insert 1066 user1066 person1066@example.com"
db > Executed: "insert 1067 user1067 person1067@example.com"
db > Executed: "insert 1068 user1068 person1068@example.com"
db > Executed: "insert 1069 user1069 person1069@example.com"
db > Executed: "insert 1070 user1070 person1070@example.com"
db > Executed: "insert 1071 user1071 person1071@example.com"
db > Executed: "insert 1072 user1072 person1072@example.com"
db > Executed: "insert 1073 user1073 person1073@example.com"
db > Executed: "insert 1074 user1074 person1074@example.com"
db > Executed: "insert 1075 user1075 person1075@example.com"
db > Executed: "insert 1076 user1076 person1076@example.com"
db > Executed: "insert 1077 user1077 person1077@example.com"
db > Executed: "insert 1078 user1078 person1078@example.com"
db > Executed: "insert 1079 user1079 person1079@example.com"
db > Executed: "insert 1080 user1080 person1080@example.com"
db > Executed: "insert 1081 user1081 person1081@example.com"
db > Executed: "insert 1082 user1082 person1082@example.com"
db > Executed: "insert 1083 user1083 person1083@example.com"
db > Executed: "insert 1084 user1084 person1084@example.com"
db > Executed: "insert 1085 user1085 person1085@example.com"
db > Executed: "insert 1086 user1086 person1086@example.com"
db > Executed: "insert 1087 user1087 person1087@example.com"
db > Executed: "insert 1088 user1088 person1088@example.com"
db > Executed: "insert 1089 user1089 person1089@example.com"
db > Executed: "insert 1090 user1090 person1090@example.com"
db > Executed: "insert 1091 user1091 person1091@example.com"
db > Executed: "insert 1092 user1092 person1092@example.com"
db > Executed: "insert 1093 user1093 person1093@example.com"
db > Executed: "insert 1094 user1094 person1094@example.com"
db > Executed: "insert 1095 user1095 person1095@example.com"
db > Executed: "insert 1096 user1096 person1096@example.com"
db > Executed: "insert 1097 user1097 person1097@example.com"
db > Executed: "insert 1098 user1098 person1098@example.com"
db > Executed: "insert 1099 user1099 person1099@example.com"
db > Executed: "insert 1100 user1100 person1100@example.com"
db > Executed: "insert 1101 user1101 person1101@example.com"
db > Executed: "insert 1102 user1102 person1102@example.com"
db > Executed: "insert 1103 user1103 person1103@example.com"
db > Executed: "insert 1104 user1104 person1104@example.com"
db > Executed: "insert 1105 user1105 person1105@example.com"
db > Executed: "insert 1106 user1106 person1106@example.com"
db > Executed: "insert 1107 user1107 person1107@example.com"
db > Executed: "insert 1108 user1108 person1108@example.com"
db > Executed: "insert 1109 user1109 person1109@example.com"
db > Executed: "insert 1110 user1110 person1110@example.com"
db > Executed: "insert 1111 user1111 person1111@example.com"
db > Executed: "insert 1112 user1112 person1112@example.com"
db > Executed: "insert 1113 user1113 person1113@example.com"
db > Executed: "insert 1114 user1114 person1114@example.com"
db > Executed: "insert 1115 user1115 person1115@example.com"
db > Executed: "insert 1116 user1116 person1116@example.com"
db > Executed: "insert 1117 user1117 person1117@example.com"
db > Executed: "insert 1118 user1118 person1118@example.com"
db > Executed: "insert 1119 user1119 person1119@example.com"
db > Executed: "insert 1120 user1120 person1120@example.com"
db > Executed: "insert 1121 user1121 person1121@example.com"
db > Executed: "insert 1122 user1122 person1122@example.com"
db > Executed: "insert 1123 user1123 person1123@example.com"
db > Executed: "insert 1124 user1124 person1124@example.com"
db > Executed: "insert 1125 user1125 person1125@example.com"
db > Executed: "insert 1126 user1126 person1126@example.com"
db > Executed: "insert 1127 user1127 person1127@example.com"
db > Executed: "insert 1128 user1128 person1128@example.com"
db > Executed: "insert 1129 user1129 person1129@example.com"
db > Executed: "insert 1130 user1130 person1130@example.com"
db > Executed: "insert 1131 user1131 person1131@example.com"
db > Executed: "insert 1132 user1132 person1132@example.com"
db > Executed: "insert 1133 user1133 person1133@example.com"
db > Executed: "insert 1134 user1134 person1134@example.com"
db > Executed: "insert 1135 user1135 person1135@example.com"
db > Executed: "insert 1136 user1136 person1136@example.com"
db > Executed: "insert 1137 user1137 person1137@example.com"
db > Executed: "insert 1138 user1138 person1138@example.com"
db > Executed: "insert 1139 user1139 person1139@example.com"
db > Executed: "insert 1140 user1140 person1140@example.com"
db > Executed: "insert 1141 user1141 person1141@example.com"
db > Executed: "insert 1142 user1142 person1142@example.com"
db > Executed: "insert 1143 user1143 person1143@example.com"
db > Executed: "insert 1144 user1144 person1144@example.com"
db > Executed: "insert 1145 user1145 person1145@example.com"
db > Executed: "insert 1146 user1146 person1146@example.com"
db > Executed: "insert 1147 user1147 person1147@example.com"
db > Executed: "insert 1148 user1148 person1148@example.com"
db > Executed: "insert 1149 user1149 person1149@example.com"
db > Executed: "insert 1150 user1150 person1150@example.com"
db > Executed: "insert 1151 user1151 person1151@example.com"
db > Executed: "insert 1152 user1152 person1152@example.com"
db > Executed: "insert 1153 user1153 person1153@example.com"
db > Executed: "insert 1154 user1154 person1154@example.com"
db > Executed: "insert 1155 user1155 person1155@example.com"
db > Executed: "insert 1156 user1156 person1156@example.com"
db > Executed: "insert 1157 user1157 person1157@example.com"
db > Executed: "insert 1158 user1158 person1158@example.com"
db > Executed: "insert 1159 user1159 person1159@example.com"
db > Executed: "insert 1160 user1160 person1160@example.com"
db > Executed: "insert 1161 user1161 person1161@example.com"
db > Executed: "insert 1162 user1162 person1162@example.com"
db > Executed: "insert 1163 user1163 person1163@example.com"
db > Executed: "insert 1164 user1164 person1164@example.com"
db > Executed: "insert 1165 user1165 person1165@example.com"
db > Executed: "insert 1166 user1166 person1166@example.com"
db > Executed: "insert 1167 user1167 person1167@example.com"
db > Executed: "insert 1168 user1168 person1168@example.com"
db > Executed: "insert 1169 user1169 person1169@example.com"
db > Executed: "insert 1170 user1170 person1170@example.com"
db > Executed: "insert 1171 user1171 person1171@example.com"
db > Executed: "insert 1172 user1172 person1172@example.com"
db > Executed: "insert 1173 user1173 person1173@example.com"
db > Executed: "insert 1174 user1174 person1174@example.com"
db > Executed: "insert 1175 user1175 person1175@example.com"
db > Executed: "insert 1176 user1176 person1176@example.com"
db > Executed: "insert 1177 user1177 person1177@example.com"
db > Executed: "insert 1178 user1178 person1178@example.com"
db > Executed: "insert 1179 user1179 person1179@example.com"
db > Executed: "insert 1180 user1180 person1180@example.com"
db > Executed: "insert 1181 user1181 person1181@example.com"
db > Executed: "insert 1182 user1182 person1182@example.com"
db > Executed: "insert 1183 user1183 person1183@example.com"
db > Executed: "insert 1184 user1184 person1184@example.com"
db > Executed: "insert 1185 user1185 person1185@example.com"
db > Executed: "insert 1186 user1186 person1186@example.com"
db > Executed: "insert 1187 user1187 person1187@example.com"
db > Executed: "insert 1188 user1188 person1188@example.com"
db > Executed: "insert 1189 user1189 person1189@example.com"
db > Executed: "insert 1190 user1190 person1190@example.com"
db > Executed: "insert 1191 user1191 person1191@example.com"
db > Executed: "insert 1192 user1192 person1192@example.com"
db > Executed: "insert 1193 user1193 person1193@example.com"
db > Executed: "insert 1194 user1194 person1194@example.com"
db > Executed: "insert 1195 user1195 person1195@example.com"
db > Executed: "insert 1196 user1196 person1196@example.com"
db > Executed: "insert 1197 user1197 person1197@example.com"
db > Executed: "insert 1198 user1198 person1198@example.com"
db > Executed: "insert 1199 user1199 person1199@example.com"
db > Executed: "insert 1200 user1200 person1200@example.com"
db > Executed: "insert 1201 user1201 person1201@example.com"
db > Executed: "insert 1202 user1202 person1202@example.com"
db > Executed: "insert 1203 user1203 person1203@example.com"
db > Executed: "insert 1204 user1204 person1204@example.com"
db > Executed: "insert 1205 user1205 person1205@example.com"
db > Executed: "insert 1206 user1206 person1206@example.com"
db > Executed: "insert 1207 user1207 person1207@example.com"
db > Executed: "insert 1208 user1208 person1208@example.com"
db > Executed: "insert 1209 user1209 person1209@example.com"
db > Executed: "insert 1210 user1210 person1210@example.com"
db > Executed: "insert 1211 user1211 person1211@example.com"
db > Executed: "insert 1212 user1212 person1212@example.com"
db > Executed: "insert 1213 user1213 person1213@example.com"
db > Executed: "insert 1214 user1214 person1214@example.com"
db > Executed: "insert 1215 user1215 person1215@example.com"
db > Executed: "insert 1216 user1216 person1216@example.com"
db > Executed: "insert 1217 user1217 person1217@example.com"
db > Executed: "insert 1218 user1218 person1218@example.com"
db > Executed: "insert 1219 user1219 person1219@example.com"
db > Executed: "insert 1220 user1220 person1220@example.com"
db > Executed: "insert 1221 user1221 person1221@example.com"
db > Executed: "insert 1222 user1222 person1222@example.com"
db > Executed: "insert 1223 user1223 person1223@example.com"
db > Executed: "insert 1224 user1224 person1224@example.com"
db > Executed: "insert 1225 user1225 person1225@example.com"
db > Executed: "insert 1226 user1226 person1226@example.com"
db > Executed: "insert 1227 user1227 person1227@example.com"
db > Executed: "insert 1228 user1228 person1228@example.com"
db > Executed: "insert 1229 user1229 person1229@example.com"
db > Executed: "insert 1230 user1230 person1230@example.com"
db > Executed: "insert 1231 user1231 person1231@example.com"
db > Executed: "insert 1232 user1232 person1232@example.com"
db > Executed: "insert 1233 user1233 person1233@example.com"
db > Executed: "insert 1234 user1234 person1234@example.com"
db > Executed: "insert 1235 user1235 person1235@example.com"
db > Executed: "insert 1236 user1236 person1236@example.com"
db > Executed: "insert 1237 user1237 person1237@example.com"
db > Executed: "insert 1238 user1238 person1238@example.com"
db > Executed: "insert 1239 user1239 person1239@example.com"
db > Executed: "insert 1240 user1240 person1240@example.com"
db > Executed: "insert 1241 user1241 person1241@example.com"
db > Executed: "insert 1242 user1242 person1242@example.com"
db > Executed: "insert 1243 user1243 person1243@example.com"
db > Executed: "insert 1244 user1244 person1244@example.com"
db > Executed: "insert 1245 user1245 person1245@example.com"
db > Executed: "insert 1246 user1246 person1246@example.com"
db > Executed: "insert 1247 user1247 person1247@example.com"
db > Executed: "insert 1248 user1248 person1248@example.com"
db > Executed: "insert 1249 user1249 person1249@example.com"
db > Executed: "insert 1250 user1250 person1250@example.com"
db > Executed: "insert 1251 user1251 person1251@example.com"
db > Executed: "insert 1252 user1252 person1252@example.com"
db > Executed: "insert 1253 user1253 person1253@example.com"
db > Executed: "insert 1254 user1254 person1254@example.com"
db > Executed: "insert 1255 user1255 person1255@example.com"
db > Executed: "insert 1256 user1256 person1256@example.com"
db > Executed: "insert 1257 user1257 person1257@example.com"
db > Executed: "insert 1258 user1258 person1258@example.com"
db > Executed: "insert 1259 user1259 person1259@example.com"
db > Executed: "insert 1260 user1260 person1260@example.com"
db > Executed: "insert 1261 user1261 person1261@example.com"
db > Executed: "insert 1262 user1262 person1262@example.com"
db > Executed: "insert 1263 user1263 person1263@example.com"
db > Executed: "insert 1264 user1264 person1264@example.com"
db > Executed: "insert 1265 user1265 person1265@example.com"
db > Executed: "insert 1266 user1266 person1266@example.com"
db > Executed: "insert 1267 user1267 person1267@example.com"
db > Executed: "insert 1268 user1268 person1268@example.com"
db > Executed: "insert 1269 user1269 person1269@example.com"
db > Executed: "insert 1270 user1270 person1270@example.com"
db > Executed: "insert 1271 user1271 person1271@example.com"
db > Executed: "insert 1272 user1272 person1272@example.com"
db > Executed: "insert 1273 user1273 person1273@example.com"
db > Executed: "insert 1274 user1274 person1274@example.com"
db > Executed: "insert 1275 user1275 person1275@example.com"
db > Executed: "insert 1276 user1276 person1276@example.com"
db > Executed: "insert 1277 user1277 person1277@example.com"
db > Executed: "insert 1278 user1278 person1278@example.com"
db > Executed: "insert 1279 user1279 person1279@example.com"
db > Executed: "insert 1280 user1280 person1280@example.com"
db > Executed: "insert 1281 user1281 person1281@example.com"
db > Executed: "insert 1282 user1282 person1282@example.com"
db > Executed: "insert 1283 user1283 person1283@example.com"
db > Executed: "insert 1284 user1284 person1284@example.com"
db > Executed: "insert 1285 user1285 person1285@example.com"
db > Executed: "insert 1286 user1286 person1286@example.com"
db > Executed: "insert 1287 user1287 person1287@example.com"
db > Executed: "insert 1288 user1288 person1288@example.com"
db > Executed: "insert 1289 user1289 person1289@example.com"
db > Executed: "insert 1290 user1290 person1290@example.com"
db > Executed: "insert 1291 user1291 person1291@example.com"
db > Executed: "insert 1292 user1292 person1292@example.com"
db > Executed: "insert 1293 user1293 person1293@example.com"
db > Executed: "insert 1294 user1294 person1294@example.com"
db > Executed: "insert 1295 user1295 person1295@example.com"
db > Executed: "insert 1296 user1296 person1296@example.com"
db > Executed: "insert 1297 user1297 person1297@example.com"
db > Executed: "insert 1298 user1298 person1298@example.com"
db > Executed: "insert 1299 user1299 person1299@example.com"
db > Executed: "insert 1300 user1300 person1300@example.com"
db > Executed: "insert 1301 user1301 person1301@example.com"
db > Executed: "insert 1302 user1302 person1302@example.com"
db > Executed: "insert 1303 user1303 person1303@example.com"
db > Executed: "insert 1304 user1304 person1304@example.com"
db > Executed: "insert 1305 user1305 person1305@example.com"
db > Executed: "insert 1306 user1306 person1306@example.com"
db > Executed: "insert 1307 user1307 person1307@example.com"
db > Executed: "insert 1308 user1308 person1308@example.com"
db > Executed: "insert 1309 user1309 person1309@example.com"
db > Executed: "insert 1310 user1310 person1310@example.com"
db > Executed: "insert 1311 user1311 person1311@example.com"
db > Executed: "insert 1312 user1312 person1312@example.com"
db > Executed: "insert 1313 user1313 person1313@example.com"
db > Executed: "insert 1314 user1314 person1314@example.com"
db > Executed: "insert 1315 user1315 person1315@example.com"
db > Executed: "insert 1316 user1316 person1316@example.com"
db > Executed: "insert 1317 user1317 person1317@example.com"
db > Executed: "insert 1318 user1318 person1318@example.com"
db > Executed: "insert 1319 user1319 person1319@example.com"
db > Executed: "insert 1320 user1320 person1320@example.com"
db > Executed: "insert 1321 user1321 person1321@example.com"
db > Executed: "insert 1322 user1322 person1322@example.com"
db > Executed: "insert 1323 user1323 person1323@example.com"
db > Executed: "insert 1324 user1324 person1324@example.com"
db > Executed: "insert 1325 user1325 person1325@example.com"
db > Executed: "insert 1326 user1326 person1326@example.com"
db > Executed: "insert 1327 user1327 person1327@example.com"
db > Executed: "insert 1328 user1328 person1328@example.com"
db > Executed: "insert 1329 user1329 person1329@example.com"
db > Executed: "insert 1330 user1330 person1330@example.com"
db > Executed: "insert 1331 user1331 person1331@example.com"
db > Executed: "insert 1332 user1332 person1332@example.com"
db > Executed: "insert 1333 user1333 person1333@example.com"
db > Executed: "insert 1334 user1334 person1334@example.com"
db > Executed: "insert 1335 user1335 person1335@example.com"
db > Executed: "insert 1336 user1336 person1336@example.com"
db > Executed: "insert 1337 user1337 person1337@example.com"
db > Executed: "insert 1338 user1338 person1338@example.com"
db > Executed: "insert 1339 user1339 person1339@example.com"
db > Executed: "insert 1340 user1340 person1340@example.com"
db > Executed: "insert 1341 user1341 person1341@example.com"
db > Executed: "insert 1342 user1342 person1342@example.com"
db > Executed: "insert 1343 user1343 person1343@example.com"
db > Executed: "insert 1344 user1344 person1344@example.com"
db > Executed: "insert 1345 user1345 person1345@example.com"
db > Executed: "insert 1346 user1346 person1346@example.com"
db > Executed: "insert 1347 user1347 person1347@example.com"
db > Executed: "insert 1348 user1348 person1348@example.com"
db > Executed: "insert 1349 user1349 person1349@example.com"
db > Executed: "insert 1350 user1350 person1350@example.com"
db > Executed: "insert 1351 user1351 person1351@example.com"
db > Executed: "insert 1352 user1352 person1352@example.com"
db > Executed: "insert 1353 user1353 person1353@example.com"
db > Executed: "insert 1354 user1354 person1354@example.com"
db > Executed: "insert 1355 user1355 person1355@example.com"
db > Executed: "insert 1356 user1356 person1356@example.com"
db > Executed: "insert 1357 user1357 person1357@example.com"
db > Executed: "insert 1358 user1358 person1358@example.com"
db > Executed: "insert 1359 user1359 person1359@example.com"
db > Executed: "insert 1360 user1360 person1360@example.com"
db > Executed: "insert 1361 user1361 person1361@example.com"
db > Executed: "insert 1362 user1362 person1362@example.com"
db > Executed: "insert 1363 user1363 person1363@example.com"
db > Executed: "insert 1364 user1364 person1364@example.com"
db > Executed: "insert 1365 user1365 person1365@example.com"
db > Executed: "insert 1366 user1366 person1366@example.com"
db > Executed: "insert 1367 user1367 person1367@example.com"
db > Executed: "insert 1368 user1368 person1368@example.com"
db > Executed: "insert 1369 user1369 person1369@example.com"
db > Executed: "insert 1370 user1370 person1370@example.com"
db > Executed: "insert 1371 user1371 person1371@example.com"
db > Executed: "insert 1372 user1372 person1372@example.com"
db > Executed: "insert 1373 user1373 person1373@example.com"
db > Executed: "insert 1374 user1374 person1374@example.com"
db > Executed: "insert 1375 user1375 person1375@example.com"
db > Executed: "insert 1376 user1376 person1376@example.com"
db > Executed: "insert 1377 user1377 person1377@example.com"
db > Executed: "insert 1378 user1378 person1378@example.com"
db > Executed: "insert 1379 user1379 person1379@example.com"
db > Executed: "insert 1380 user1380 person1380@example.com"
db > Executed: "insert 1381 user1381 person1381@example.com"
db > Executed: "insert 1382 user1382 person1382@example.com"
db > Executed: "insert 1383 user1383 person1383@example.com"
db > Executed: "insert 1384 user1384 person1384@example.com"
db > Executed: "insert 1385 user1385 person1385@example.com"
db > Executed: "insert 1386 user1386 person1386@example.com"
db > Executed: "insert 1387 user1387 person1387@example.com"
db > Executed: "insert 1388 user1388 person1388@example.com"
db > Executed: "insert 1389 user1389 person1389@example.com"
db > Executed: "insert 1390 user1390 person1390@example.com"
db > Executed: "insert 1391 user1391 person1391@example.com"
db > Executed: "insert 1392 user1392 person1392@example.com"
db > Executed: "insert 1393 user1393 person1393@example.com"
db > Executed: "insert 1394 user1394 person1394@example.com"
db > Executed: "insert 1395 user1395 person1395@example.com"
db > Executed: "insert 1396 user1396 person1396@example.com"
db > Executed: "insert 1397 user1397 person1397@example.com"
db > Executed: "insert 1398 user1398 person1398@example.com"
db > Executed: "insert 1399 user1399 person1399@example.com"
db > Executed: "insert 1400 user1400 person1400@example.com"
db > Error while executing Insert(Row { id: 1401, user_name: "user1401", email: "person1401@example.com" }): Table is full (max size is 1400)
db > Bye.
